#-----------------------------------------------------------
# Vivado v2024.1 (64-bit)
# SW Build 5076996 on Wed May 22 18:37:14 MDT 2024
# IP Build 5075265 on Wed May 22 21:45:21 MDT 2024
# SharedData Build 5076995 on Wed May 22 18:29:18 MDT 2024
# Start of session at: Mon Feb 10 10:06:50 2025
# Process ID: 18236
# Current directory: C:/Users/Alejandro/Documents/git/genesys2_basic
# Command line: vivado.exe -gui_launcher_event rodinguilauncherevent13508 C:\Users\Alejandro\Documents\git\genesys2_basic\genesys2_basic.xpr
# Log file: C:/Users/Alejandro/Documents/git/genesys2_basic/vivado.log
# Journal file: C:/Users/Alejandro/Documents/git/genesys2_basic\vivado.jou
# Running On        :DESKTOP-3VUNQ5R
# Platform          :Windows Server 2016 or Windows 10
# Operating System  :22631
# Processor Detail  :AMD Ryzen 9 5900HX with Radeon Graphics        
# CPU Frequency     :3294 MHz
# CPU Physical cores:8
# CPU Logical cores :16
# Host memory       :16558 MB
# Swap memory       :2550 MB
# Total Virtual     :19108 MB
# Available Virtual :11105 MB
#-----------------------------------------------------------
start_gui
open_project C:/Users/Alejandro/Documents/git/genesys2_basic/genesys2_basic.xpr
update_compile_order -fileset sources_1
write_hw_platform -fixed -include_bit -force -file C:/Users/Alejandro/Documents/git/genesys2_basic/system_wrapper.xsa
